[["Customer =John Doe", "Customer =Jane Doe", "Customer =Jim Does", "Customer =Jill Does", "Customer =Joan Doe", "Customer =James Do"]]