[["Client Librettos are Us has marketers [James Do]","Client We Got Dough has marketers [James Do]","Client Croissant City has marketers [Joan Doe]","Client Tomatoe Paradise has marketers [Jill Does]","Client Have Potatoes, Will Travel has marketers [Jill Does]","Client Stillettos are Us has marketers [Joan Doe]"]]