[["Product Tomatoe is represented by [Joan Doe]", "Product Potatoe is represented by [James Do]", "Product Stiletto is represented by [Joan Doe]", "Product Libretto is represented by [James Do]", "Product Dough is represented by [James Do]", "Product Croissant is represented by [Joan Doe]"]]