[["Customer: John Doe made purchase:Tomatoe", "Customer: John Doe made purchase:Potatoe", "Customer: Jim Does made purchase:Stiletto", "Customer: Jill Does made purchase:Libretto", "Customer: James Do made purchase:Dough", "Customer: James Do made purchase:Croissant"]]