[["Customer: Jane Doe did not make a purchase", "Customer: Joan Doe did not make a purchase"]]