[["Average nb purchases for customers below 34 is : 0.8"]]