[["Customer: John Doe and: Jane Doe have the same age: 32.0", "Customer: John Doe and: Jill Does have the same age: 32.0", "Customer: Jane Doe and: John Doe have the same age: 32.0", "Customer: Jane Doe and: Jill Does have the same age: 32.0", "Customer: Jim Does and: Joan Doe have the same age: 34.0", "Customer: Jill Does and: John Doe have the same age: 32.0", "Customer: Jill Does and: Jane Doe have the same age: 32.0", "Customer: Joan Doe and: Jim Does have the same age: 34.0"]]