[["Customer: John Doe has the same age (32.0) as 3 other Customers", "Customer: Jane Doe has the same age (32.0) as 3 other Customers", "Customer: Jim Does has the same age (34.0) as 2 other Customers", "Customer: Jill Does has the same age (32.0) as 3 other Customers", "Customer: Joan Doe has the same age (34.0) as 2 other Customers"]]