[["Customer : John Doe purchased: [Potatoe, Tomatoe]", "Customer : Jane Doe purchased: []", "Customer : Jim Does purchased: [Stiletto]", "Customer : Jill Does purchased: [Libretto]", "Customer : Joan Doe purchased: []", "Customer : James Do purchased: [Croissant, Dough]"]]