[
  [
    {
      "$left": {
        "$class": [ "Address" ],
        "$data": { "city": "xy" }
      }
    },
    {
      "$left": {
        "$class": [ "USAddress" ],
        "$data": { "city": "NY", "zip": { "$nat": 10001 } }
      }
    },
    {
      "$left": {
        "$class": [ "Address" ],
        "$data": { "city": "NY", "zip": { "$nat": 10001 } }
      }
    },
    {
      "$left": { "$class": [ "Object" ], "$data": { "city": "xy" } }
    },
    {
      "$left": {
        "$class": [ "Object" ],
        "$data": { "city": "NY", "zip": { "$nat": 10001 } }
      }
    },
    { "$left": { "$class": [ "Object" ], "$data": { "name": "donald" } } }
  ],
  [ { "$right": null },
    { "$right": null },
    { "$right": null },
    { "$right": null } ]
]
