[{"company": "HBO", "dept": "HR"}, {"company": "HBO", "dept": "Research"}, {"company": "CNN", "dept": "M&A"}, {"company": "CNN", "dept": "Corporate"}, {"company": "ATT", "dept": "Mobile"}, {"company": "ATT", "dept": "Cable"}]