[{"age": {"$nat":32}, "company": {"$nat":101}, "name": "John Doe", "pid": {"$nat":1}, "salary": 1000.0}, {"age": {"$nat":32}, "company": {"$nat":103}, "name": "Jane Doe", "pid": {"$nat":2}, "salary": 1500.0}, {"age": {"$nat":32}, "company": {"$nat":102}, "name": "Jill Does", "pid": {"$nat":4}, "salary": 1000.0}]