[{"clients": "123", "marketer": "Jill Does"}, {"clients": "124", "marketer": "Jill Does"}, {"clients": "125", "marketer": "Joan Doe"}, {"clients": "102", "marketer": "Joan Doe"}, {"clients": "100", "marketer": "James Do"}, {"clients": "101", "marketer": "James Do"}]