[{"$class": ["Customer"], "$data": {"age": { "$nat" : 32 }, "cid": { "$nat" : 123 }, "name": "John Doe"}}, {"$class": ["Customer"], "$data": {"age": { "$nat" : 32 }, "cid": { "$nat" : 124 }, "name": "Jane Doe"}}, {"$class": ["Customer"], "$data": {"age": { "$nat" : 32 }, "cid": { "$nat" : 126 }, "name": "Jill Does"}}]