{"$left": {"$class": ["Customer"], "$data": {"age": { "$nat" : 32 }, "cid": { "$nat" : 126 }, "name": "Jill Does"}}}