[{"$class": ["ProductRep"], "$data": {"clients": ["100", "101"], "id": "128", "name": "James Do", "products": ["2", "4", "5"]}}]