[{"name": "Tomatoe Paradise", "purchased": "Tomatoe"}, {"name": "Tomatoe Paradise", "purchased": "Potatoe"}, {"name": "Stillettos are Us", "purchased": "Stiletto"}]