[{"$class":["Customer"],"$data":{"name":"John Doe","age":{"$nat":32},"cid":{"$nat":123}}},{"$class":["Customer"],"$data":{"name":"Jane Doe","age":{"$nat":32},"cid":{"$nat":124}}},{"$class":["Customer"],"$data":{"name":"Jill Does","age":{"$nat":32},"cid":{"$nat":126}}},{"$class":["Customer"],"$data":{"name":"Jim Does","age":{"$nat":34},"cid":{"$nat":125}}},{"$class":["Customer"],"$data":{"name":"Joan Doe","age":{"$nat":34},"cid":{"$nat":127}}},{"$class":["Customer"],"$data":{"name":"James Do","age":{"$nat":35},"cid":{"$nat":128}}}]