[{"$type": ["Customer"], "$data": {"age": { "$nat" : 32 }, "cid": { "$nat" : 123 }, "name": "John Doe"}}, {"$type": ["Customer"], "$data": {"age": { "$nat" : 32 }, "cid": { "$nat" : 124 }, "name": "Jane Doe"}}, {"$type": ["Customer"], "$data": {"age": { "$nat" : 34 }, "cid": { "$nat" : 125 }, "name": "Jim Does"}}, {"$type": ["Customer"], "$data": {"age": { "$nat" : 32 }, "cid": { "$nat" : 126 }, "name": "Jill Does"}}, {"$type": ["Customer"], "$data": {"age": { "$nat" : 34 }, "cid": { "$nat" : 127 }, "name": "Joan Doe"}}, {"$type": ["Customer"], "$data": {"age": { "$nat" : 35 }, "cid": { "$nat" : 128 }, "name": "James Do"}}]