{"$left" : {"$type": ["Customer"], "$data": {"age": { "$nat" : 32 }, "cid": { "$nat" : 123 }, "name": "John Doe"}}}