[{"name" : "John Doe"},
 {"name" : "Jane Doe"},
 {"name" : "Jim Does"},
 {"name" : "Jill Does"},
 {"name" : "Joan Doe"},
 {"name" : "James Do"}]