[{"age" : { "$nat" : 26 },
  "name" : "Thandy Coe"}]