[{"age": {"$nat":32}, "company": {"$nat":101}, "eid": {"$nat":1}, "name": "John Doe"}, {"age": {"$nat":32}, "company": {"$nat":104}, "eid": {"$nat":2}, "name": "Jane Doe"}, {"age": {"$nat":32}, "company": {"$nat":102}, "eid": {"$nat":4}, "name": "Jill Does"}]
