[{"$type": ["Customer"], "$data": {"age": { "$nat" : 32 }, "cid": { "$nat" : 123 }, "name": "John Doe"}}, {"$type": ["Customer"], "$data": {"age": { "$nat" : 32 }, "cid": { "$nat" : 124 }, "name": "Jane Doe"}}, {"$type": ["Customer"], "$data": {"age": { "$nat" : 32 }, "cid": { "$nat" : 126 }, "name": "Jill Does"}}]