{"left" : {"type": ["Customer"], "data": {"age": { "nat" : 32 }, "cid": 123, "name": "John Doe"}}}