{"left": {"type": ["Customer"], "data": {"age": { "nat" : 32 }, "cid": 126, "name": "Jill Does"}}}