"John Doe, Jane Doe, Jim Does, Jill Does, Joan Doe, James Do"