[{"age": {"$nat":32}, "company": {"$nat":101}, "eid": {"$nat":1}, "name": "John Doe"}, {"age": {"$nat":32}, "company": {"$nat":104}, "eid": {"$nat":2}, "name": "Jane Doe"}, {"age": {"$nat":34}, "company": {"$nat":101}, "eid": {"$nat":3}, "name": "Jim Does"}, {"age": {"$nat":32}, "company": {"$nat":102}, "eid": {"$nat":4}, "name": "Jill Does"}, {"age": {"$nat":34}, "company": {"$nat":103}, "eid": {"$nat":5}, "name": "Joan Doe"}, {"age": {"$nat":35}, "company": {"$nat":104}, "eid": {"$nat":6}, "name": "James Do"}]