[{"name":"Blue Widget"},{"name":"Pimble"},{"name":"Unter"}]