[{"name": "Jim Does"}, {"name": "Joan Doe"}, {"name": "James Do"}]