[{"name": "John Doe"}, {"name": "Jane Doe"}, {"name": "Jill Does"}, {"name": "Tim Coe"}]