[{"name": "John Doe"}, {"name": "Jane Doe"}, {"name": "Jill Does"}]