[["Customer =John Doe", "Customer =Jane Doe", "Customer =Jill Does"]]